---
http_interactions:
- request:
    method: put
    uri: http://backend:5352/source/home:Iggy/_meta?user=Iggy
    body:
      encoding: UTF-8
      string: |
        <project name="home:Iggy">
          <title/>
          <description/>
          <person userid="Iggy" role="maintainer"/>
        </project>
    headers:
      Accept-Encoding:
      - gzip;q=1.0,deflate;q=0.6,identity;q=0.3
      Accept:
      - "*/*"
      User-Agent:
      - Ruby
  response:
    status:
      code: 200
      message: OK
    headers:
      Content-Type:
      - text/xml
      Cache-Control:
      - no-cache
      Connection:
      - close
      Content-Length:
      - '130'
    body:
      encoding: UTF-8
      string: |
        <project name="home:Iggy">
          <title></title>
          <description></description>
          <person userid="Iggy" role="maintainer"/>
        </project>
  recorded_at: Tue, 27 Jul 2021 15:07:30 GMT
- request:
    method: put
    uri: http://backend:5352/source/foo_project/_meta?user=user_11
    body:
      encoding: UTF-8
      string: |
        <project name="foo_project">
          <title>Absalom, Absalom!</title>
          <description/>
          <person userid="Iggy" role="maintainer"/>
        </project>
    headers:
      Accept-Encoding:
      - gzip;q=1.0,deflate;q=0.6,identity;q=0.3
      Accept:
      - "*/*"
      User-Agent:
      - Ruby
  response:
    status:
      code: 200
      message: OK
    headers:
      Content-Type:
      - text/xml
      Cache-Control:
      - no-cache
      Connection:
      - close
      Content-Length:
      - '149'
    body:
      encoding: UTF-8
      string: |
        <project name="foo_project">
          <title>Absalom, Absalom!</title>
          <description></description>
          <person userid="Iggy" role="maintainer"/>
        </project>
  recorded_at: Tue, 27 Jul 2021 15:07:30 GMT
- request:
    method: put
    uri: http://backend:5352/source/foo_project/bar_package/_meta?user=user_12
    body:
      encoding: UTF-8
      string: |
        <package name="bar_package" project="foo_project">
          <title>Consider the Lilies</title>
          <description>Aspernatur nulla ea sint.</description>
        </package>
    headers:
      Accept-Encoding:
      - gzip;q=1.0,deflate;q=0.6,identity;q=0.3
      Accept:
      - "*/*"
      User-Agent:
      - Ruby
  response:
    status:
      code: 200
      message: OK
    headers:
      Content-Type:
      - text/xml
      Cache-Control:
      - no-cache
      Connection:
      - close
      Content-Length:
      - '154'
    body:
      encoding: UTF-8
      string: |
        <package name="bar_package" project="foo_project">
          <title>Consider the Lilies</title>
          <description>Aspernatur nulla ea sint.</description>
        </package>
  recorded_at: Tue, 27 Jul 2021 15:07:30 GMT
- request:
    method: put
    uri: http://backend:5352/source/foo_project/bar_package/_config
    body:
      encoding: UTF-8
      string: Vero tempora inventore. Est ut corrupti. Quis aut temporibus.
    headers:
      Accept-Encoding:
      - gzip;q=1.0,deflate;q=0.6,identity;q=0.3
      Accept:
      - "*/*"
      User-Agent:
      - Ruby
  response:
    status:
      code: 200
      message: OK
    headers:
      Content-Type:
      - text/xml
      Cache-Control:
      - no-cache
      Connection:
      - close
      Content-Length:
      - '209'
    body:
      encoding: UTF-8
      string: |
        <revision rev="39" vrev="39">
          <srcmd5>1a1806679c54931586784f209a610b04</srcmd5>
          <version>unknown</version>
          <time>1627398451</time>
          <user>unknown</user>
          <comment></comment>
          <requestid/>
        </revision>
  recorded_at: Tue, 27 Jul 2021 15:07:31 GMT
- request:
    method: put
    uri: http://backend:5352/source/foo_project/bar_package/somefile.txt
    body:
      encoding: UTF-8
      string: Dolorum ut autem. Eum quidem quos. Et sed iure.
    headers:
      Accept-Encoding:
      - gzip;q=1.0,deflate;q=0.6,identity;q=0.3
      Accept:
      - "*/*"
      User-Agent:
      - Ruby
  response:
    status:
      code: 200
      message: OK
    headers:
      Content-Type:
      - text/xml
      Cache-Control:
      - no-cache
      Connection:
      - close
      Content-Length:
      - '209'
    body:
      encoding: UTF-8
      string: |
        <revision rev="40" vrev="40">
          <srcmd5>1bcdbe7f5ab93008cd8302eafe388dee</srcmd5>
          <version>unknown</version>
          <time>1627398451</time>
          <user>unknown</user>
          <comment></comment>
          <requestid/>
        </revision>
  recorded_at: Tue, 27 Jul 2021 15:07:31 GMT
- request:
    method: put
    uri: http://backend:5352/source/home:Iggy:foo_project:PR-1/_meta?user=Iggy
    body:
      encoding: UTF-8
      string: |
        <project name="home:Iggy:foo_project:PR-1">
          <title/>
          <description/>
          <person userid="Iggy" role="maintainer"/>
        </project>
    headers:
      Accept-Encoding:
      - gzip;q=1.0,deflate;q=0.6,identity;q=0.3
      Accept:
      - "*/*"
      User-Agent:
      - Ruby
  response:
    status:
      code: 200
      message: OK
    headers:
      Content-Type:
      - text/xml
      Cache-Control:
      - no-cache
      Connection:
      - close
      Content-Length:
      - '147'
    body:
      encoding: UTF-8
      string: |
        <project name="home:Iggy:foo_project:PR-1">
          <title></title>
          <description></description>
          <person userid="Iggy" role="maintainer"/>
        </project>
  recorded_at: Tue, 27 Jul 2021 15:07:31 GMT
- request:
    method: put
    uri: http://backend:5352/source/home:Iggy:foo_project:PR-1/bar_package/_meta?user=Iggy
    body:
      encoding: UTF-8
      string: |
        <package name="bar_package" project="home:Iggy:foo_project:PR-1">
          <title/>
          <description/>
        </package>
    headers:
      Accept-Encoding:
      - gzip;q=1.0,deflate;q=0.6,identity;q=0.3
      Accept:
      - "*/*"
      User-Agent:
      - Ruby
  response:
    status:
      code: 200
      message: OK
    headers:
      Content-Type:
      - text/xml
      Cache-Control:
      - no-cache
      Connection:
      - close
      Content-Length:
      - '125'
    body:
      encoding: UTF-8
      string: |
        <package name="bar_package" project="home:Iggy:foo_project:PR-1">
          <title></title>
          <description></description>
        </package>
  recorded_at: Tue, 27 Jul 2021 15:07:31 GMT
- request:
    method: put
    uri: http://backend:5352/source/home:Iggy:foo_project:PR-1/_project/_meta?user=Iggy
    body:
      encoding: UTF-8
      string: |
        <package name="_project" project="home:Iggy:foo_project:PR-1">
          <title/>
          <description/>
        </package>
    headers:
      Accept-Encoding:
      - gzip;q=1.0,deflate;q=0.6,identity;q=0.3
      Accept:
      - "*/*"
      User-Agent:
      - Ruby
  response:
    status:
      code: 200
      message: OK
    headers:
      Content-Type:
      - text/xml
      Cache-Control:
      - no-cache
      Connection:
      - close
      Content-Length:
      - '122'
    body:
      encoding: UTF-8
      string: |
        <package name="_project" project="home:Iggy:foo_project:PR-1">
          <title></title>
          <description></description>
        </package>
  recorded_at: Tue, 27 Jul 2021 15:07:31 GMT
- request:
    method: put
    uri: http://backend:5352/source/home:Iggy:foo_project:PR-1/_project/_service?user=Iggy
    body:
      encoding: UTF-8
      string: |
        <services>
          <service name="format_spec_file" mode="localonly"/>
        </services>
    headers:
      Accept-Encoding:
      - gzip;q=1.0,deflate;q=0.6,identity;q=0.3
      Accept:
      - "*/*"
      User-Agent:
      - Ruby
  response:
    status:
      code: 200
      message: OK
    headers:
      Content-Type:
      - text/xml
      Cache-Control:
      - no-cache
      Connection:
      - close
      Content-Length:
      - '167'
    body:
      encoding: UTF-8
      string: |
        <revision rev="21">
          <srcmd5>58ae26056fd970c7f7c9bad137b6665e</srcmd5>
          <time>1627398451</time>
          <user>Iggy</user>
          <comment></comment>
          <requestid/>
        </revision>
  recorded_at: Tue, 27 Jul 2021 15:07:31 GMT
- request:
    method: put
    uri: http://backend:5352/source/home:Iggy:foo_project:PR-1/bar_package/_link?user=Iggy
    body:
      encoding: UTF-8
      string: <link project="foo_project" package="bar_package"/>
    headers:
      Accept-Encoding:
      - gzip;q=1.0,deflate;q=0.6,identity;q=0.3
      Accept:
      - "*/*"
      User-Agent:
      - Ruby
  response:
    status:
      code: 200
      message: OK
    headers:
      Content-Type:
      - text/xml
      Cache-Control:
      - no-cache
      Connection:
      - close
      Content-Length:
      - '206'
    body:
      encoding: UTF-8
      string: |
        <revision rev="51" vrev="51">
          <srcmd5>d94b31d45e6a0a073aace7034556d457</srcmd5>
          <version>unknown</version>
          <time>1627398451</time>
          <user>Iggy</user>
          <comment></comment>
          <requestid/>
        </revision>
  recorded_at: Tue, 27 Jul 2021 15:07:31 GMT
- request:
    method: put
    uri: http://backend:5352/source/home:Iggy:foo_project:PR-1/bar_package/_branch_request?user=Iggy
    body:
      encoding: UTF-8
      string: '{"action":"opened","pull_request":{"head":{"repo":{"full_name":"reponame"},"sha":"123"}}}'
    headers:
      Accept-Encoding:
      - gzip;q=1.0,deflate;q=0.6,identity;q=0.3
      Accept:
      - "*/*"
      User-Agent:
      - Ruby
  response:
    status:
      code: 200
      message: OK
    headers:
      Content-Type:
      - text/xml
      Cache-Control:
      - no-cache
      Connection:
      - close
      Content-Length:
      - '206'
    body:
      encoding: UTF-8
      string: |
        <revision rev="52" vrev="52">
          <srcmd5>1d5465a60fb56bc5f56ee695a42ffd3e</srcmd5>
          <version>unknown</version>
          <time>1627398451</time>
          <user>Iggy</user>
          <comment></comment>
          <requestid/>
        </revision>
  recorded_at: Tue, 27 Jul 2021 15:07:31 GMT
- request:
    method: put
    uri: http://backend:5352/source/home:Iggy:foo_project:PR-1/bar_package/_meta?user=Iggy
    body:
      encoding: UTF-8
      string: |
        <package name="bar_package" project="home:Iggy:foo_project:PR-1">
          <title/>
          <description/>
        </package>
    headers:
      Accept-Encoding:
      - gzip;q=1.0,deflate;q=0.6,identity;q=0.3
      Accept:
      - "*/*"
      User-Agent:
      - Ruby
  response:
    status:
      code: 200
      message: OK
    headers:
      Content-Type:
      - text/xml
      Cache-Control:
      - no-cache
      Connection:
      - close
      Content-Length:
      - '125'
    body:
      encoding: UTF-8
      string: |
        <package name="bar_package" project="home:Iggy:foo_project:PR-1">
          <title></title>
          <description></description>
        </package>
  recorded_at: Tue, 27 Jul 2021 15:07:31 GMT
- request:
    method: get
    uri: http://backend:5352/source/home:Iggy:foo_project:PR-1/bar_package
    body:
      encoding: US-ASCII
      string: ''
    headers:
      Accept-Encoding:
      - gzip;q=1.0,deflate;q=0.6,identity;q=0.3
      Accept:
      - "*/*"
      User-Agent:
      - Ruby
  response:
    status:
      code: 200
      message: OK
    headers:
      Content-Type:
      - text/xml
      Cache-Control:
      - no-cache
      Connection:
      - close
      Content-Length:
      - '562'
    body:
      encoding: UTF-8
      string: |
        <directory name="bar_package" rev="52" vrev="52" srcmd5="1d5465a60fb56bc5f56ee695a42ffd3e">
          <linkinfo project="foo_project" package="bar_package" srcmd5="1bcdbe7f5ab93008cd8302eafe388dee" xsrcmd5="351605a204cbd3040b702d430365ed7c" lsrcmd5="1d5465a60fb56bc5f56ee695a42ffd3e"/>
          <serviceinfo code="succeeded" xsrcmd5="18dda5291800b3121d305188d67ce422"/>
          <entry name="_branch_request" md5="4becc0c108a703b38c26920c45965516" size="89" mtime="1627391516"/>
          <entry name="_link" md5="858d6500f0ccc27f85ed9dc8c2006d8e" size="51" mtime="1627391516"/>
        </directory>
  recorded_at: Tue, 27 Jul 2021 15:07:31 GMT
- request:
    method: get
    uri: http://backend:5352/source/home:Iggy:foo_project:PR-1/bar_package?view=info
    body:
      encoding: US-ASCII
      string: ''
    headers:
      Accept-Encoding:
      - gzip;q=1.0,deflate;q=0.6,identity;q=0.3
      Accept:
      - "*/*"
      User-Agent:
      - Ruby
  response:
    status:
      code: 200
      message: OK
    headers:
      Content-Type:
      - text/xml
      Cache-Control:
      - no-cache
      Connection:
      - close
      Content-Length:
      - '330'
    body:
      encoding: UTF-8
      string: |
        <sourceinfo package="bar_package" rev="52" vrev="92" srcmd5="9081643eee8e925a3acdfe2019eb4766" lsrcmd5="18dda5291800b3121d305188d67ce422" verifymd5="311f30c730340f71108c908594df8b22">
          <error>bad build configuration, no build type defined or detected</error>
          <linked project="foo_project" package="bar_package"/>
        </sourceinfo>
  recorded_at: Tue, 27 Jul 2021 15:07:31 GMT
- request:
    method: get
    uri: http://backend:5352/source/home:Iggy:foo_project:PR-1/bar_package
    body:
      encoding: US-ASCII
      string: ''
    headers:
      Accept-Encoding:
      - gzip;q=1.0,deflate;q=0.6,identity;q=0.3
      Accept:
      - "*/*"
      User-Agent:
      - Ruby
  response:
    status:
      code: 200
      message: OK
    headers:
      Content-Type:
      - text/xml
      Cache-Control:
      - no-cache
      Connection:
      - close
      Content-Length:
      - '562'
    body:
      encoding: UTF-8
      string: |
        <directory name="bar_package" rev="52" vrev="52" srcmd5="1d5465a60fb56bc5f56ee695a42ffd3e">
          <linkinfo project="foo_project" package="bar_package" srcmd5="1bcdbe7f5ab93008cd8302eafe388dee" xsrcmd5="351605a204cbd3040b702d430365ed7c" lsrcmd5="1d5465a60fb56bc5f56ee695a42ffd3e"/>
          <serviceinfo code="succeeded" xsrcmd5="18dda5291800b3121d305188d67ce422"/>
          <entry name="_branch_request" md5="4becc0c108a703b38c26920c45965516" size="89" mtime="1627391516"/>
          <entry name="_link" md5="858d6500f0ccc27f85ed9dc8c2006d8e" size="51" mtime="1627391516"/>
        </directory>
  recorded_at: Tue, 27 Jul 2021 15:07:31 GMT
- request:
    method: post
    uri: http://backend:5352/source/home:Iggy:foo_project:PR-1/bar_package?cmd=diff&linkrev=base&onlyissues=1&orev=0&view=xml
    body:
      encoding: UTF-8
      string: ''
    headers:
      Content-Type:
      - application/octet-stream
      Accept-Encoding:
      - gzip;q=1.0,deflate;q=0.6,identity;q=0.3
      Accept:
      - "*/*"
      User-Agent:
      - Ruby
  response:
    status:
      code: 200
      message: OK
    headers:
      Content-Type:
      - text/xml
      Cache-Control:
      - no-cache
      Connection:
      - close
      Content-Length:
      - '337'
    body:
      encoding: UTF-8
      string: |
        <sourcediff key="e0831fb811a3f4e157198f20c1945681">
          <old project="home:Iggy:foo_project:PR-1" package="bar_package" rev="0" srcmd5="d41d8cd98f00b204e9800998ecf8427e"/>
          <new project="home:Iggy:foo_project:PR-1" package="bar_package" rev="52" srcmd5="1d5465a60fb56bc5f56ee695a42ffd3e"/>
          <files/>
          <issues>
          </issues>
        </sourcediff>
  recorded_at: Tue, 27 Jul 2021 15:07:31 GMT
- request:
    method: post
    uri: http://backend:5352/source/home:Iggy:foo_project:PR-1/bar_package?cmd=linkdiff&linkrev=base&onlyissues=1&view=xml
    body:
      encoding: UTF-8
      string: ''
    headers:
      Content-Type:
      - application/octet-stream
      Accept-Encoding:
      - gzip;q=1.0,deflate;q=0.6,identity;q=0.3
      Accept:
      - "*/*"
      User-Agent:
      - Ruby
  response:
    status:
      code: 200
      message: OK
    headers:
      Content-Type:
      - text/xml
      Cache-Control:
      - no-cache
      Connection:
      - close
      Content-Length:
      - '383'
    body:
      encoding: UTF-8
      string: |
        <sourcediff key="a854b5cacb933b685ac0bde6ec0c605b">
          <old project="foo_project" package="bar_package" rev="1bcdbe7f5ab93008cd8302eafe388dee" srcmd5="1bcdbe7f5ab93008cd8302eafe388dee"/>
          <new project="home:Iggy:foo_project:PR-1" package="bar_package" rev="9081643eee8e925a3acdfe2019eb4766" srcmd5="9081643eee8e925a3acdfe2019eb4766"/>
          <files/>
          <issues>
          </issues>
        </sourcediff>
  recorded_at: Tue, 27 Jul 2021 15:07:31 GMT
recorded_with: VCR 6.0.0
