---
http_interactions:
- request:
    method: put
    uri: http://backend:5352/source/home:Iggy/_meta?user=Iggy
    body:
      encoding: UTF-8
      string: |
        <project name="home:Iggy">
          <title/>
          <description/>
          <person userid="Iggy" role="maintainer"/>
        </project>
    headers:
      Accept-Encoding:
      - gzip;q=1.0,deflate;q=0.6,identity;q=0.3
      Accept:
      - "*/*"
      User-Agent:
      - Ruby
  response:
    status:
      code: 200
      message: OK
    headers:
      Content-Type:
      - text/xml
      Cache-Control:
      - no-cache
      Connection:
      - close
      Content-Length:
      - '130'
    body:
      encoding: UTF-8
      string: |
        <project name="home:Iggy">
          <title></title>
          <description></description>
          <person userid="Iggy" role="maintainer"/>
        </project>
  recorded_at: Tue, 27 Jul 2021 15:21:08 GMT
- request:
    method: put
    uri: http://backend:5352/source/foo_project/_meta?user=user_7
    body:
      encoding: UTF-8
      string: |
        <project name="foo_project">
          <title>The Last Enemy</title>
          <description/>
          <person userid="Iggy" role="maintainer"/>
        </project>
    headers:
      Accept-Encoding:
      - gzip;q=1.0,deflate;q=0.6,identity;q=0.3
      Accept:
      - "*/*"
      User-Agent:
      - Ruby
  response:
    status:
      code: 200
      message: OK
    headers:
      Content-Type:
      - text/xml
      Cache-Control:
      - no-cache
      Connection:
      - close
      Content-Length:
      - '146'
    body:
      encoding: UTF-8
      string: |
        <project name="foo_project">
          <title>The Last Enemy</title>
          <description></description>
          <person userid="Iggy" role="maintainer"/>
        </project>
  recorded_at: Tue, 27 Jul 2021 15:21:09 GMT
- request:
    method: put
    uri: http://backend:5352/source/foo_project/bar_package/_meta?user=user_8
    body:
      encoding: UTF-8
      string: |
        <package name="bar_package" project="foo_project">
          <title>Ego Dominus Tuus</title>
          <description>Sed dignissimos eveniet fugit.</description>
        </package>
    headers:
      Accept-Encoding:
      - gzip;q=1.0,deflate;q=0.6,identity;q=0.3
      Accept:
      - "*/*"
      User-Agent:
      - Ruby
  response:
    status:
      code: 200
      message: OK
    headers:
      Content-Type:
      - text/xml
      Cache-Control:
      - no-cache
      Connection:
      - close
      Content-Length:
      - '156'
    body:
      encoding: UTF-8
      string: |
        <package name="bar_package" project="foo_project">
          <title>Ego Dominus Tuus</title>
          <description>Sed dignissimos eveniet fugit.</description>
        </package>
  recorded_at: Tue, 27 Jul 2021 15:21:09 GMT
- request:
    method: put
    uri: http://backend:5352/source/foo_project/bar_package/_config
    body:
      encoding: UTF-8
      string: Qui tempore fugit. Inventore dolorum iste. Facilis rerum sunt.
    headers:
      Accept-Encoding:
      - gzip;q=1.0,deflate;q=0.6,identity;q=0.3
      Accept:
      - "*/*"
      User-Agent:
      - Ruby
  response:
    status:
      code: 200
      message: OK
    headers:
      Content-Type:
      - text/xml
      Cache-Control:
      - no-cache
      Connection:
      - close
      Content-Length:
      - '211'
    body:
      encoding: UTF-8
      string: |
        <revision rev="110" vrev="110">
          <srcmd5>24217b3cce024813e46f248102005a02</srcmd5>
          <version>unknown</version>
          <time>1627399269</time>
          <user>unknown</user>
          <comment></comment>
          <requestid/>
        </revision>
  recorded_at: Tue, 27 Jul 2021 15:21:09 GMT
- request:
    method: put
    uri: http://backend:5352/source/foo_project/bar_package/somefile.txt
    body:
      encoding: UTF-8
      string: Tempora rerum unde. Voluptas consequuntur nostrum. Repellat quibusdam
        aliquid.
    headers:
      Accept-Encoding:
      - gzip;q=1.0,deflate;q=0.6,identity;q=0.3
      Accept:
      - "*/*"
      User-Agent:
      - Ruby
  response:
    status:
      code: 200
      message: OK
    headers:
      Content-Type:
      - text/xml
      Cache-Control:
      - no-cache
      Connection:
      - close
      Content-Length:
      - '211'
    body:
      encoding: UTF-8
      string: |
        <revision rev="111" vrev="111">
          <srcmd5>731b83935828233ce0df54394b220ebc</srcmd5>
          <version>unknown</version>
          <time>1627399269</time>
          <user>unknown</user>
          <comment></comment>
          <requestid/>
        </revision>
  recorded_at: Tue, 27 Jul 2021 15:21:09 GMT
- request:
    method: put
    uri: http://backend:5352/source/home:Iggy:foo_project:PR-1/_meta?user=Iggy
    body:
      encoding: UTF-8
      string: |
        <project name="home:Iggy:foo_project:PR-1">
          <title>To Sail Beyond the Sunset</title>
          <description/>
          <person userid="Iggy" role="maintainer"/>
        </project>
    headers:
      Accept-Encoding:
      - gzip;q=1.0,deflate;q=0.6,identity;q=0.3
      Accept:
      - "*/*"
      User-Agent:
      - Ruby
  response:
    status:
      code: 200
      message: OK
    headers:
      Content-Type:
      - text/xml
      Cache-Control:
      - no-cache
      Connection:
      - close
      Content-Length:
      - '172'
    body:
      encoding: UTF-8
      string: |
        <project name="home:Iggy:foo_project:PR-1">
          <title>To Sail Beyond the Sunset</title>
          <description></description>
          <person userid="Iggy" role="maintainer"/>
        </project>
  recorded_at: Tue, 27 Jul 2021 15:21:09 GMT
- request:
    method: put
    uri: http://backend:5352/source/home:Iggy:foo_project:PR-1/bar_package/_meta?user=Iggy
    body:
      encoding: UTF-8
      string: |
        <package name="bar_package" project="home:Iggy:foo_project:PR-1">
          <title>The Mirror Crack'd from Side to Side</title>
          <description>Ea molestiae ut incidunt.</description>
        </package>
    headers:
      Accept-Encoding:
      - gzip;q=1.0,deflate;q=0.6,identity;q=0.3
      Accept:
      - "*/*"
      User-Agent:
      - Ruby
  response:
    status:
      code: 200
      message: OK
    headers:
      Content-Type:
      - text/xml
      Cache-Control:
      - no-cache
      Connection:
      - close
      Content-Length:
      - '186'
    body:
      encoding: UTF-8
      string: |
        <package name="bar_package" project="home:Iggy:foo_project:PR-1">
          <title>The Mirror Crack'd from Side to Side</title>
          <description>Ea molestiae ut incidunt.</description>
        </package>
  recorded_at: Tue, 27 Jul 2021 15:21:09 GMT
- request:
    method: put
    uri: http://backend:5352/source/home:Iggy:foo_project:PR-1/bar_package/_config
    body:
      encoding: UTF-8
      string: Dolor unde nobis. Excepturi explicabo nihil. Vero ratione deleniti.
    headers:
      Accept-Encoding:
      - gzip;q=1.0,deflate;q=0.6,identity;q=0.3
      Accept:
      - "*/*"
      User-Agent:
      - Ruby
  response:
    status:
      code: 200
      message: OK
    headers:
      Content-Type:
      - text/xml
      Cache-Control:
      - no-cache
      Connection:
      - close
      Content-Length:
      - '211'
    body:
      encoding: UTF-8
      string: |
        <revision rev="122" vrev="122">
          <srcmd5>ae2df8b9ac317234e25eac2a4e37eb9f</srcmd5>
          <version>unknown</version>
          <time>1627399269</time>
          <user>unknown</user>
          <comment></comment>
          <requestid/>
        </revision>
  recorded_at: Tue, 27 Jul 2021 15:21:09 GMT
- request:
    method: put
    uri: http://backend:5352/source/home:Iggy:foo_project:PR-1/bar_package/somefile.txt
    body:
      encoding: UTF-8
      string: Consequatur sapiente incidunt. Exercitationem accusantium laborum. Reprehenderit
        doloremque voluptas.
    headers:
      Accept-Encoding:
      - gzip;q=1.0,deflate;q=0.6,identity;q=0.3
      Accept:
      - "*/*"
      User-Agent:
      - Ruby
  response:
    status:
      code: 200
      message: OK
    headers:
      Content-Type:
      - text/xml
      Cache-Control:
      - no-cache
      Connection:
      - close
      Content-Length:
      - '211'
    body:
      encoding: UTF-8
      string: |
        <revision rev="123" vrev="123">
          <srcmd5>fba62caa23d77576a1b823609a37d074</srcmd5>
          <version>unknown</version>
          <time>1627399269</time>
          <user>unknown</user>
          <comment></comment>
          <requestid/>
        </revision>
  recorded_at: Tue, 27 Jul 2021 15:21:09 GMT
- request:
    method: put
    uri: http://backend:5352/source/foo_project/bar_package/_branch_request?user=Iggy
    body:
      encoding: UTF-8
      string: '{"object_kind":"update","project":{"http_url":"http_url"},"object_attributes":{"source":{"default_branch":"123"}}}'
    headers:
      Accept-Encoding:
      - gzip;q=1.0,deflate;q=0.6,identity;q=0.3
      Accept:
      - "*/*"
      User-Agent:
      - Ruby
  response:
    status:
      code: 200
      message: OK
    headers:
      Content-Type:
      - text/xml
      Cache-Control:
      - no-cache
      Connection:
      - close
      Content-Length:
      - '208'
    body:
      encoding: UTF-8
      string: |
        <revision rev="112" vrev="112">
          <srcmd5>731b83935828233ce0df54394b220ebc</srcmd5>
          <version>unknown</version>
          <time>1627399269</time>
          <user>Iggy</user>
          <comment></comment>
          <requestid/>
        </revision>
  recorded_at: Tue, 27 Jul 2021 15:21:09 GMT
- request:
    method: put
    uri: http://backend:5352/source/foo_project/bar_package/_meta?user=user_8
    body:
      encoding: UTF-8
      string: |
        <package name="bar_package" project="foo_project">
          <title>Ego Dominus Tuus</title>
          <description>Sed dignissimos eveniet fugit.</description>
        </package>
    headers:
      Accept-Encoding:
      - gzip;q=1.0,deflate;q=0.6,identity;q=0.3
      Accept:
      - "*/*"
      User-Agent:
      - Ruby
  response:
    status:
      code: 200
      message: OK
    headers:
      Content-Type:
      - text/xml
      Cache-Control:
      - no-cache
      Connection:
      - close
      Content-Length:
      - '156'
    body:
      encoding: UTF-8
      string: |
        <package name="bar_package" project="foo_project">
          <title>Ego Dominus Tuus</title>
          <description>Sed dignissimos eveniet fugit.</description>
        </package>
  recorded_at: Tue, 27 Jul 2021 15:21:09 GMT
- request:
    method: get
    uri: http://backend:5352/source/foo_project/bar_package
    body:
      encoding: US-ASCII
      string: ''
    headers:
      Accept-Encoding:
      - gzip;q=1.0,deflate;q=0.6,identity;q=0.3
      Accept:
      - "*/*"
      User-Agent:
      - Ruby
  response:
    status:
      code: 200
      message: OK
    headers:
      Content-Type:
      - text/xml
      Cache-Control:
      - no-cache
      Connection:
      - close
      Content-Length:
      - '403'
    body:
      encoding: UTF-8
      string: |
        <directory name="bar_package" rev="112" vrev="112" srcmd5="731b83935828233ce0df54394b220ebc">
          <entry name="_branch_request" md5="aea524cf047993d430e69b477e07f3df" size="114" mtime="1627391781"/>
          <entry name="_config" md5="c2d3aab4ecc69ae87e6f2b85fe30692d" size="62" mtime="1627399269"/>
          <entry name="somefile.txt" md5="88db1441eb45ee60d3eb0aa55dcbba7d" size="78" mtime="1627399269"/>
        </directory>
  recorded_at: Tue, 27 Jul 2021 15:21:09 GMT
- request:
    method: get
    uri: http://backend:5352/source/foo_project/bar_package?view=info
    body:
      encoding: US-ASCII
      string: ''
    headers:
      Accept-Encoding:
      - gzip;q=1.0,deflate;q=0.6,identity;q=0.3
      Accept:
      - "*/*"
      User-Agent:
      - Ruby
  response:
    status:
      code: 200
      message: OK
    headers:
      Content-Type:
      - text/xml
      Cache-Control:
      - no-cache
      Connection:
      - close
      Content-Length:
      - '233'
    body:
      encoding: UTF-8
      string: |
        <sourceinfo package="bar_package" rev="112" vrev="112" srcmd5="731b83935828233ce0df54394b220ebc" verifymd5="731b83935828233ce0df54394b220ebc">
          <error>bad build configuration, no build type defined or detected</error>
        </sourceinfo>
  recorded_at: Tue, 27 Jul 2021 15:21:09 GMT
- request:
    method: get
    uri: http://backend:5352/source/foo_project/bar_package
    body:
      encoding: US-ASCII
      string: ''
    headers:
      Accept-Encoding:
      - gzip;q=1.0,deflate;q=0.6,identity;q=0.3
      Accept:
      - "*/*"
      User-Agent:
      - Ruby
  response:
    status:
      code: 200
      message: OK
    headers:
      Content-Type:
      - text/xml
      Cache-Control:
      - no-cache
      Connection:
      - close
      Content-Length:
      - '403'
    body:
      encoding: UTF-8
      string: |
        <directory name="bar_package" rev="112" vrev="112" srcmd5="731b83935828233ce0df54394b220ebc">
          <entry name="_branch_request" md5="aea524cf047993d430e69b477e07f3df" size="114" mtime="1627391781"/>
          <entry name="_config" md5="c2d3aab4ecc69ae87e6f2b85fe30692d" size="62" mtime="1627399269"/>
          <entry name="somefile.txt" md5="88db1441eb45ee60d3eb0aa55dcbba7d" size="78" mtime="1627399269"/>
        </directory>
  recorded_at: Tue, 27 Jul 2021 15:21:09 GMT
- request:
    method: post
    uri: http://backend:5352/source/foo_project/bar_package?cmd=diff&linkrev=base&onlyissues=1&orev=0&view=xml
    body:
      encoding: UTF-8
      string: ''
    headers:
      Content-Type:
      - application/octet-stream
      Accept-Encoding:
      - gzip;q=1.0,deflate;q=0.6,identity;q=0.3
      Accept:
      - "*/*"
      User-Agent:
      - Ruby
  response:
    status:
      code: 200
      message: OK
    headers:
      Content-Type:
      - text/xml
      Cache-Control:
      - no-cache
      Connection:
      - close
      Content-Length:
      - '308'
    body:
      encoding: UTF-8
      string: |
        <sourcediff key="55720ceafda95392630cde43daf8f884">
          <old project="foo_project" package="bar_package" rev="0" srcmd5="d41d8cd98f00b204e9800998ecf8427e"/>
          <new project="foo_project" package="bar_package" rev="112" srcmd5="731b83935828233ce0df54394b220ebc"/>
          <files/>
          <issues>
          </issues>
        </sourcediff>
  recorded_at: Tue, 27 Jul 2021 15:21:09 GMT
- request:
    method: put
    uri: http://backend:5352/source/home:Iggy:foo_project:PR-1/bar_package/_branch_request?user=Iggy
    body:
      encoding: UTF-8
      string: '{"object_kind":null,"project":{"http_url":null},"object_attributes":{"source":{"default_branch":"456"}}}'
    headers:
      Accept-Encoding:
      - gzip;q=1.0,deflate;q=0.6,identity;q=0.3
      Accept:
      - "*/*"
      User-Agent:
      - Ruby
  response:
    status:
      code: 200
      message: OK
    headers:
      Content-Type:
      - text/xml
      Cache-Control:
      - no-cache
      Connection:
      - close
      Content-Length:
      - '208'
    body:
      encoding: UTF-8
      string: |
        <revision rev="124" vrev="124">
          <srcmd5>5da6eed86b64e910c840c623427f7ce5</srcmd5>
          <version>unknown</version>
          <time>1627399269</time>
          <user>Iggy</user>
          <comment></comment>
          <requestid/>
        </revision>
  recorded_at: Tue, 27 Jul 2021 15:21:09 GMT
- request:
    method: put
    uri: http://backend:5352/source/home:Iggy:foo_project:PR-1/bar_package/_meta?user=Iggy
    body:
      encoding: UTF-8
      string: |
        <package name="bar_package" project="home:Iggy:foo_project:PR-1">
          <title>The Mirror Crack'd from Side to Side</title>
          <description>Ea molestiae ut incidunt.</description>
        </package>
    headers:
      Accept-Encoding:
      - gzip;q=1.0,deflate;q=0.6,identity;q=0.3
      Accept:
      - "*/*"
      User-Agent:
      - Ruby
  response:
    status:
      code: 200
      message: OK
    headers:
      Content-Type:
      - text/xml
      Cache-Control:
      - no-cache
      Connection:
      - close
      Content-Length:
      - '186'
    body:
      encoding: UTF-8
      string: |
        <package name="bar_package" project="home:Iggy:foo_project:PR-1">
          <title>The Mirror Crack'd from Side to Side</title>
          <description>Ea molestiae ut incidunt.</description>
        </package>
  recorded_at: Tue, 27 Jul 2021 15:21:09 GMT
- request:
    method: get
    uri: http://backend:5352/source/home:Iggy:foo_project:PR-1/bar_package
    body:
      encoding: US-ASCII
      string: ''
    headers:
      Accept-Encoding:
      - gzip;q=1.0,deflate;q=0.6,identity;q=0.3
      Accept:
      - "*/*"
      User-Agent:
      - Ruby
  response:
    status:
      code: 200
      message: OK
    headers:
      Content-Type:
      - text/xml
      Cache-Control:
      - no-cache
      Connection:
      - close
      Content-Length:
      - '759'
    body:
      encoding: UTF-8
      string: |
        <directory name="bar_package" rev="124" vrev="124" srcmd5="5da6eed86b64e910c840c623427f7ce5">
          <linkinfo project="foo_project" package="bar_package" srcmd5="731b83935828233ce0df54394b220ebc" xsrcmd5="5ba8a140cb7e8cb39cae1460307c02ec" lsrcmd5="5da6eed86b64e910c840c623427f7ce5"/>
          <serviceinfo code="succeeded" xsrcmd5="928a7926d5dad4509b9433d1fdcc45c6"/>
          <entry name="_branch_request" md5="0a8be7dfa06fa9711a5beaf3f404b2e5" size="104" mtime="1627391781"/>
          <entry name="_config" md5="d3300d5de4b6c8cc28c15948c7e54189" size="67" mtime="1627399269"/>
          <entry name="_link" md5="858d6500f0ccc27f85ed9dc8c2006d8e" size="51" mtime="1627391516"/>
          <entry name="somefile.txt" md5="fd5c0b532d3124f58bdcee01b9b125b2" size="101" mtime="1627399269"/>
        </directory>
  recorded_at: Tue, 27 Jul 2021 15:21:09 GMT
- request:
    method: get
    uri: http://backend:5352/source/home:Iggy:foo_project:PR-1/bar_package?view=info
    body:
      encoding: US-ASCII
      string: ''
    headers:
      Accept-Encoding:
      - gzip;q=1.0,deflate;q=0.6,identity;q=0.3
      Accept:
      - "*/*"
      User-Agent:
      - Ruby
  response:
    status:
      code: 200
      message: OK
    headers:
      Content-Type:
      - text/xml
      Cache-Control:
      - no-cache
      Connection:
      - close
      Content-Length:
      - '332'
    body:
      encoding: UTF-8
      string: |
        <sourceinfo package="bar_package" rev="124" vrev="236" srcmd5="8935bd3fad8d1d71fdea57ec0965457e" lsrcmd5="928a7926d5dad4509b9433d1fdcc45c6" verifymd5="4bec7134367d6cd29525e03c7bce635e">
          <error>bad build configuration, no build type defined or detected</error>
          <linked project="foo_project" package="bar_package"/>
        </sourceinfo>
  recorded_at: Tue, 27 Jul 2021 15:21:09 GMT
- request:
    method: get
    uri: http://backend:5352/source/home:Iggy:foo_project:PR-1/bar_package
    body:
      encoding: US-ASCII
      string: ''
    headers:
      Accept-Encoding:
      - gzip;q=1.0,deflate;q=0.6,identity;q=0.3
      Accept:
      - "*/*"
      User-Agent:
      - Ruby
  response:
    status:
      code: 200
      message: OK
    headers:
      Content-Type:
      - text/xml
      Cache-Control:
      - no-cache
      Connection:
      - close
      Content-Length:
      - '759'
    body:
      encoding: UTF-8
      string: |
        <directory name="bar_package" rev="124" vrev="124" srcmd5="5da6eed86b64e910c840c623427f7ce5">
          <linkinfo project="foo_project" package="bar_package" srcmd5="731b83935828233ce0df54394b220ebc" xsrcmd5="5ba8a140cb7e8cb39cae1460307c02ec" lsrcmd5="5da6eed86b64e910c840c623427f7ce5"/>
          <serviceinfo code="succeeded" xsrcmd5="928a7926d5dad4509b9433d1fdcc45c6"/>
          <entry name="_branch_request" md5="0a8be7dfa06fa9711a5beaf3f404b2e5" size="104" mtime="1627391781"/>
          <entry name="_config" md5="d3300d5de4b6c8cc28c15948c7e54189" size="67" mtime="1627399269"/>
          <entry name="_link" md5="858d6500f0ccc27f85ed9dc8c2006d8e" size="51" mtime="1627391516"/>
          <entry name="somefile.txt" md5="fd5c0b532d3124f58bdcee01b9b125b2" size="101" mtime="1627399269"/>
        </directory>
  recorded_at: Tue, 27 Jul 2021 15:21:09 GMT
- request:
    method: post
    uri: http://backend:5352/source/home:Iggy:foo_project:PR-1/bar_package?cmd=diff&linkrev=base&onlyissues=1&orev=0&view=xml
    body:
      encoding: UTF-8
      string: ''
    headers:
      Content-Type:
      - application/octet-stream
      Accept-Encoding:
      - gzip;q=1.0,deflate;q=0.6,identity;q=0.3
      Accept:
      - "*/*"
      User-Agent:
      - Ruby
  response:
    status:
      code: 200
      message: OK
    headers:
      Content-Type:
      - text/xml
      Cache-Control:
      - no-cache
      Connection:
      - close
      Content-Length:
      - '338'
    body:
      encoding: UTF-8
      string: |
        <sourcediff key="9be23957008de037e5f3d2497322097f">
          <old project="home:Iggy:foo_project:PR-1" package="bar_package" rev="0" srcmd5="d41d8cd98f00b204e9800998ecf8427e"/>
          <new project="home:Iggy:foo_project:PR-1" package="bar_package" rev="124" srcmd5="5da6eed86b64e910c840c623427f7ce5"/>
          <files/>
          <issues>
          </issues>
        </sourcediff>
  recorded_at: Tue, 27 Jul 2021 15:21:09 GMT
- request:
    method: post
    uri: http://backend:5352/source/home:Iggy:foo_project:PR-1/bar_package?cmd=linkdiff&linkrev=base&onlyissues=1&view=xml
    body:
      encoding: UTF-8
      string: ''
    headers:
      Content-Type:
      - application/octet-stream
      Accept-Encoding:
      - gzip;q=1.0,deflate;q=0.6,identity;q=0.3
      Accept:
      - "*/*"
      User-Agent:
      - Ruby
  response:
    status:
      code: 200
      message: OK
    headers:
      Content-Type:
      - text/xml
      Cache-Control:
      - no-cache
      Connection:
      - close
      Content-Length:
      - '383'
    body:
      encoding: UTF-8
      string: |
        <sourcediff key="1a18b3496208ffb49abcf8ca12f7c312">
          <old project="foo_project" package="bar_package" rev="731b83935828233ce0df54394b220ebc" srcmd5="731b83935828233ce0df54394b220ebc"/>
          <new project="home:Iggy:foo_project:PR-1" package="bar_package" rev="8935bd3fad8d1d71fdea57ec0965457e" srcmd5="8935bd3fad8d1d71fdea57ec0965457e"/>
          <files/>
          <issues>
          </issues>
        </sourcediff>
  recorded_at: Tue, 27 Jul 2021 15:21:09 GMT
recorded_with: VCR 6.0.0
